nohup: ignoring input

============================================================
  🎓 SERVIDOR UNIFICADO - SOLUÇÃO PARA REDE UNIVERSITÁRIA
============================================================

✅ Tudo rodando na MESMA PORTA: http://localhost:5000

📋 Acesse:
   • Cadastro: http://localhost:5000/cadastro
   • Teste: http://localhost:5000/teste-conexao

💡 Solução para redes que bloqueiam múltiplas portas!
============================================================

 * Serving Flask app 'app_unificado'
 * Debug mode: on
WARNING: This is a development server. Do not use it in a production deployment. Use a production WSGI server instead.
 * Running on all addresses (0.0.0.0)
 * Running on http://127.0.0.1:5000
 * Running on http://10.0.10.225:5000
Press CTRL+C to quit
 * Restarting with stat
 * Debugger is active!
 * Debugger PIN: 247-489-047
127.0.0.1 - - [16/Oct/2025 16:46:44] "HEAD /cadastro HTTP/1.1" 200 -
127.0.0.1 - - [16/Oct/2025 16:48:19] "POST /api/cadastrar-colaborador HTTP/1.1" 201 -
 * Detected change in '/workspaces/Escalar/ESCALAR PJ/back - pedro/cadastro/app_unificado.py', reloading

============================================================
  🎓 SERVIDOR UNIFICADO - SOLUÇÃO PARA REDE UNIVERSITÁRIA
============================================================

✅ Tudo rodando na MESMA PORTA: http://localhost:5000

📋 Acesse:
   • Cadastro: http://localhost:5000/cadastro
   • Teste: http://localhost:5000/teste-conexao

💡 Solução para redes que bloqueiam múltiplas portas!
============================================================

 * Restarting with stat
 * Debugger is active!
 * Debugger PIN: 247-489-047
10.0.10.225 - - [16/Oct/2025 16:50:31] "HEAD /cadastro HTTP/1.1" 200 -
10.0.10.225 - - [16/Oct/2025 16:52:39] "POST /api/cadastrar-colaborador HTTP/1.1" 400 -
10.0.10.225 - - [16/Oct/2025 16:53:09] "POST /api/cadastrar-colaborador HTTP/1.1" 201 -
10.0.10.225 - - [16/Oct/2025 16:54:53] "HEAD /cadastro HTTP/1.1" 200 -
